00:00 +0: loading /Users/ridvan/Documents/Çocuk Oyun/test/widget_test.dart                                                                                                                             00:00 +0: shows the dashboard with five games and the parent gate button                                                                                                                               00:00 +0: shows the dashboard with five games and the parent gate button                                                                                                                               
RENDERED KEY: [_DeprecatedRawViewKey TestFlutterView#3d80a]
RENDERED KEY: [GlobalObjectKey _MaterialAppState#4ebce]
RENDERED KEY: [GlobalKey#6b6ef]
RENDERED KEY: [GlobalObjectKey<NavigatorState> _WidgetsAppState#60efe]
RENDERED KEY: [LabeledGlobalKey<OverlayState>#246f6]
RENDERED KEY: [LabeledGlobalKey<_OverlayEntryWidgetState>#b58b4]
RENDERED KEY: [LabeledGlobalKey<_OverlayEntryWidgetState>#6ea3a]
RENDERED KEY: [LabeledGlobalKey<_ModalScopeState<dynamic>>#73ee4]
RENDERED KEY: [GlobalKey#4f3dc]
RENDERED KEY: [GlobalKey#80385 ink renderer]
RENDERED KEY: [<_ScaffoldSlot.body>]
RENDERED KEY: [GlobalKey#58685]
RENDERED KEY: [<'parent-gate-button'>]
RENDERED KEY: [GlobalKey#d9052 ink renderer]
RENDERED KEY: [#2b4a4]
RENDERED KEY: [<_ScaffoldSlot.floatingActionButton>]
══╡ EXCEPTION CAUGHT BY WIDGETS LIBRARY ╞═══════════════════════════════════════════════════════════
The following assertion was thrown building LayoutBuilder:
'package:flutter/src/material/material.dart': Failed assertion: line 208 pos 15: '!(shape != null &&
borderRadius != null)': is not true.

The relevant error-causing widget was:
  LayoutBuilder LayoutBuilder:file:///Users/ridvan/Documents/%C3%87ocuk%20Oyun/lib/main.dart:117:24

When the exception was thrown, this was the stack:
#2      new Material (package:flutter/src/material/material.dart:208:15)
#3      _DashboardScreenState._buildGameCard (package:cocuk_oyun/main.dart:186:12)
#4      _DashboardScreenState.build.<anonymous closure> (package:cocuk_oyun/main.dart:126:25)
#5      _LayoutBuilderElement._rebuildWithConstraints.updateChildCallback (package:flutter/src/widgets/layout_builder.dart:201:77)
#6      BuildOwner.buildScope (package:flutter/src/widgets/framework.dart:3056:19)
#7      _LayoutBuilderElement._rebuildWithConstraints (package:flutter/src/widgets/layout_builder.dart:240:12)
#8      RenderObject.invokeLayoutCallback.<anonymous closure> (package:flutter/src/rendering/object.dart:2827:17)
#9      PipelineOwner._enableMutationsToDirtySubtrees (package:flutter/src/rendering/object.dart:1161:15)
#10     RenderObject.invokeLayoutCallback (package:flutter/src/rendering/object.dart:2826:14)
#11     RenderConstrainedLayoutBuilder.rebuildIfNecessary (package:flutter/src/widgets/layout_builder.dart:293:5)
#12     _RenderLayoutBuilder.performLayout (package:flutter/src/widgets/layout_builder.dart:390:5)
#13     RenderObject.layout (package:flutter/src/rendering/object.dart:2715:7)
#14     ChildLayoutHelper.layoutChild (package:flutter/src/rendering/layout_helper.dart:62:11)
#15     RenderFlex._computeSizes (package:flutter/src/rendering/flex.dart:1202:26)
#16     RenderFlex.performLayout (package:flutter/src/rendering/flex.dart:1255:32)
#17     RenderObject.layout (package:flutter/src/rendering/object.dart:2715:7)
#18     RenderPadding.performLayout (package:flutter/src/rendering/shifted_box.dart:243:12)
#19     RenderObject.layout (package:flutter/src/rendering/object.dart:2715:7)
#20     RenderPadding.performLayout (package:flutter/src/rendering/shifted_box.dart:243:12)
#21     RenderObject.layout (package:flutter/src/rendering/object.dart:2715:7)
#22     MultiChildLayoutDelegate.layoutChild (package:flutter/src/rendering/custom_layout.dart:180:12)
#23     _ScaffoldLayout.performLayout (package:flutter/src/material/scaffold.dart:1118:7)
#24     MultiChildLayoutDelegate._callPerformLayout (package:flutter/src/rendering/custom_layout.dart:249:7)
#25     RenderCustomMultiChildLayoutBox.performLayout (package:flutter/src/rendering/custom_layout.dart:419:14)
#26     RenderObject.layout (package:flutter/src/rendering/object.dart:2715:7)
#27     RenderProxyBoxMixin.performLayout (package:flutter/src/rendering/proxy_box.dart:115:18)
#28     RenderObject.layout (package:flutter/src/rendering/object.dart:2715:7)
#29     RenderProxyBoxMixin.performLayout (package:flutter/src/rendering/proxy_box.dart:115:18)
#30     _RenderCustomClip.performLayout (package:flutter/src/rendering/proxy_box.dart:1483:11)
#31     RenderObject.layout (package:flutter/src/rendering/object.dart:2715:7)
#32     RenderProxyBoxMixin.performLayout (package:flutter/src/rendering/proxy_box.dart:115:18)
#33     RenderObject.layout (package:flutter/src/rendering/object.dart:2715:7)
#34     RenderProxyBoxMixin.performLayout (package:flutter/src/rendering/proxy_box.dart:115:18)
#35     RenderObject.layout (package:flutter/src/rendering/object.dart:2715:7)
#36     RenderProxyBoxMixin.performLayout (package:flutter/src/rendering/proxy_box.dart:115:18)
#37     RenderObject.layout (package:flutter/src/rendering/object.dart:2715:7)
#38     RenderProxyBoxMixin.performLayout (package:flutter/src/rendering/proxy_box.dart:115:18)
#39     RenderObject.layout (package:flutter/src/rendering/object.dart:2715:7)
#40     RenderProxyBoxMixin.performLayout (package:flutter/src/rendering/proxy_box.dart:115:18)
#41     RenderObject.layout (package:flutter/src/rendering/object.dart:2715:7)
#42     RenderProxyBoxMixin.performLayout (package:flutter/src/rendering/proxy_box.dart:115:18)
#43     RenderObject.layout (package:flutter/src/rendering/object.dart:2715:7)
#44     RenderProxyBoxMixin.performLayout (package:flutter/src/rendering/proxy_box.dart:115:18)
#45     RenderObject.layout (package:flutter/src/rendering/object.dart:2715:7)
#46     RenderProxyBoxMixin.performLayout (package:flutter/src/rendering/proxy_box.dart:115:18)
#47     RenderObject.layout (package:flutter/src/rendering/object.dart:2715:7)
#48     RenderProxyBoxMixin.performLayout (package:flutter/src/rendering/proxy_box.dart:115:18)
#49     RenderObject.layout (package:flutter/src/rendering/object.dart:2715:7)
#50     RenderProxyBoxMixin.performLayout (package:flutter/src/rendering/proxy_box.dart:115:18)
#51     RenderOffstage.performLayout (package:flutter/src/rendering/proxy_box.dart:3750:13)
#52     RenderObject.layout (package:flutter/src/rendering/object.dart:2715:7)
#53     RenderProxyBoxMixin.performLayout (package:flutter/src/rendering/proxy_box.dart:115:18)
#54     RenderObject.layout (package:flutter/src/rendering/object.dart:2715:7)
#55     _RenderTheaterMixin.layoutChild (package:flutter/src/widgets/overlay.dart:1076:13)
#56     _RenderTheater.performLayout (package:flutter/src/widgets/overlay.dart:1422:9)
#57     RenderObject.layout (package:flutter/src/rendering/object.dart:2715:7)
#58     RenderProxyBoxMixin.performLayout (package:flutter/src/rendering/proxy_box.dart:115:18)
#59     RenderObject.layout (package:flutter/src/rendering/object.dart:2715:7)
#60     RenderProxyBoxMixin.performLayout (package:flutter/src/rendering/proxy_box.dart:115:18)
#61     RenderObject.layout (package:flutter/src/rendering/object.dart:2715:7)
#62     RenderProxyBoxMixin.performLayout (package:flutter/src/rendering/proxy_box.dart:115:18)
#63     RenderObject.layout (package:flutter/src/rendering/object.dart:2715:7)
#64     RenderProxyBoxMixin.performLayout (package:flutter/src/rendering/proxy_box.dart:115:18)
#65     RenderObject.layout (package:flutter/src/rendering/object.dart:2715:7)
#66     RenderProxyBoxMixin.performLayout (package:flutter/src/rendering/proxy_box.dart:115:18)
#67     RenderObject.layout (package:flutter/src/rendering/object.dart:2715:7)
#68     RenderProxyBoxMixin.performLayout (package:flutter/src/rendering/proxy_box.dart:115:18)
#69     RenderObject.layout (package:flutter/src/rendering/object.dart:2715:7)
#70     RenderProxyBoxMixin.performLayout (package:flutter/src/rendering/proxy_box.dart:115:18)
#71     RenderObject.layout (package:flutter/src/rendering/object.dart:2715:7)
#72     RenderProxyBoxMixin.performLayout (package:flutter/src/rendering/proxy_box.dart:115:18)
#73     RenderObject.layout (package:flutter/src/rendering/object.dart:2715:7)
#74     RenderProxyBoxMixin.performLayout (package:flutter/src/rendering/proxy_box.dart:115:18)
#75     RenderObject.layout (package:flutter/src/rendering/object.dart:2715:7)
#76     RenderView.performLayout (package:flutter/src/rendering/view.dart:294:12)
#77     RenderObject._layoutWithoutResize (package:flutter/src/rendering/object.dart:2548:7)
#78     PipelineOwner.flushLayout (package:flutter/src/rendering/object.dart:1112:18)
#79     PipelineOwner.flushLayout (package:flutter/src/rendering/object.dart:1125:15)
#80     AutomatedTestWidgetsFlutterBinding.drawFrame (package:flutter_test/src/binding.dart:1497:27)
#81     RendererBinding._handlePersistentFrameCallback (package:flutter/src/rendering/binding.dart:482:5)
#82     SchedulerBinding._invokeFrameCallback (package:flutter/src/scheduler/binding.dart:1442:15)
#83     SchedulerBinding.handleDrawFrame (package:flutter/src/scheduler/binding.dart:1355:9)
#84     AutomatedTestWidgetsFlutterBinding.pump.<anonymous closure> (package:flutter_test/src/binding.dart:1340:9)
#87     TestAsyncUtils.guard (package:flutter_test/src/test_async_utils.dart:74:41)
#88     AutomatedTestWidgetsFlutterBinding.pump (package:flutter_test/src/binding.dart:1329:27)
#89     WidgetTester.pumpWidget.<anonymous closure> (package:flutter_test/src/widget_tester.dart:599:22)
#92     TestAsyncUtils.guard (package:flutter_test/src/test_async_utils.dart:74:41)
#93     WidgetTester.pumpWidget (package:flutter_test/src/widget_tester.dart:596:27)
#94     main.<anonymous closure> (file:///Users/ridvan/Documents/%C3%87ocuk%20Oyun/test/widget_test.dart:15:18)
#95     testWidgets.<anonymous closure>.<anonymous closure> (package:flutter_test/src/widget_tester.dart:193:29)
<asynchronous suspension>
#96     TestWidgetsFlutterBinding._runTestBody (package:flutter_test/src/binding.dart:1064:5)
<asynchronous suspension>
<asynchronous suspension>
(elided 7 frames from class _AssertionError, dart:async, and package:stack_trace)

════════════════════════════════════════════════════════════════════════════════════════════════════
══╡ EXCEPTION CAUGHT BY FLUTTER TEST FRAMEWORK ╞════════════════════════════════════════════════════
The following TestFailure was thrown running a test:
Expected: exactly one matching candidate
  Actual: _KeyWidgetFinder:<Found 0 widgets with key [<'game-card-coloring'>]: []>
   Which: means none were found but one was expected

When the exception was thrown, this was the stack:
#4      main.<anonymous closure> (file:///Users/ridvan/Documents/%C3%87ocuk%20Oyun/test/widget_test.dart:24:5)
<asynchronous suspension>
#5      testWidgets.<anonymous closure>.<anonymous closure> (package:flutter_test/src/widget_tester.dart:193:15)
<asynchronous suspension>
#6      TestWidgetsFlutterBinding._runTestBody (package:flutter_test/src/binding.dart:1064:5)
<asynchronous suspension>
<asynchronous suspension>
(elided one frame from package:stack_trace)

This was caught by the test expectation on the following line:
  file:///Users/ridvan/Documents/%C3%87ocuk%20Oyun/test/widget_test.dart line 24
The test description was:
  shows the dashboard with five games and the parent gate button
════════════════════════════════════════════════════════════════════════════════════════════════════
══╡ EXCEPTION CAUGHT BY FLUTTER TEST FRAMEWORK ╞════════════════════════════════════════════════════
The following message was thrown:
Multiple exceptions (2) were detected during the running of the current test, and at least one was
unexpected.
════════════════════════════════════════════════════════════════════════════════════════════════════
00:00 +0 -1: shows the dashboard with five games and the parent gate button [E]                                                                                                                        
  Test failed. See exception logs above.
  The test description was: shows the dashboard with five games and the parent gate button
  

To run this test again: /opt/homebrew/Caskroom/flutter/3.29.3/flutter/bin/cache/dart-sdk/bin/dart test /Users/ridvan/Documents/Çocuk Oyun/test/widget_test.dart -p vm --plain-name 'shows the dashboard with five games and the parent gate button'
00:00 +0 -1: Some tests failed.                                                                                                                                                                        
